****************************************
Report : timing
	-path_type full
	-delay_type min
	-slack_lesser_than 0.00
	-max_paths 10
	-sort_by slack
Design : sync_fifo
Version: W-2024.09-SP5-5
Date   : Mon Sep 28 17:01:40 2026
****************************************


  Startpoint: fifo_mem_reg_5__21_
               (rising edge-triggered flip-flop clocked by clk)
  Endpoint: fifo_mem_reg_5__21_
               (rising edge-triggered flip-flop clocked by clk)
  Path Group: clk
  Path Type: min

  Point                                                   Incr       Path
  ------------------------------------------------------------------------------
  clock clk (rise edge)                                   0.00       0.00
  clock network delay (ideal)                             0.00       0.00
  fifo_mem_reg_5__21_/CLK (DFFHQNx1_ASAP7_75t_R)          0.00       0.00 r
  fifo_mem_reg_5__21_/QN (DFFHQNx1_ASAP7_75t_R)          48.37      48.37 r
  U537/Y (AOI22xp33_ASAP7_75t_R)                         12.41      60.79 f
  fifo_mem_reg_5__21_/D (DFFHQNx1_ASAP7_75t_R)            0.00      60.79 f
  data arrival time                                                 60.79

  clock clk (rise edge)                                   0.00       0.00
  clock network delay (ideal)                             0.00       0.00
  fifo_mem_reg_5__21_/CLK (DFFHQNx1_ASAP7_75t_R)                     0.00 r
  clock reconvergence pessimism                           0.00       0.00
  clock uncertainty                                     100.00     100.00
  library hold time                                      13.32     113.32
  data required time                                               113.32
  ------------------------------------------------------------------------------
  data required time                                               113.32
  data arrival time                                                -60.79
  ------------------------------------------------------------------------------
  slack (VIOLATED)                                                 -52.54


  Startpoint: fifo_mem_reg_5__20_
               (rising edge-triggered flip-flop clocked by clk)
  Endpoint: fifo_mem_reg_5__20_
               (rising edge-triggered flip-flop clocked by clk)
  Path Group: clk
  Path Type: min

  Point                                                   Incr       Path
  ------------------------------------------------------------------------------
  clock clk (rise edge)                                   0.00       0.00
  clock network delay (ideal)                             0.00       0.00
  fifo_mem_reg_5__20_/CLK (DFFHQNx1_ASAP7_75t_R)          0.00       0.00 r
  fifo_mem_reg_5__20_/QN (DFFHQNx1_ASAP7_75t_R)          48.37      48.37 r
  U536/Y (AOI22xp33_ASAP7_75t_R)                         12.41      60.79 f
  fifo_mem_reg_5__20_/D (DFFHQNx1_ASAP7_75t_R)            0.00      60.79 f
  data arrival time                                                 60.79

  clock clk (rise edge)                                   0.00       0.00
  clock network delay (ideal)                             0.00       0.00
  fifo_mem_reg_5__20_/CLK (DFFHQNx1_ASAP7_75t_R)                     0.00 r
  clock reconvergence pessimism                           0.00       0.00
  clock uncertainty                                     100.00     100.00
  library hold time                                      13.32     113.32
  data required time                                               113.32
  ------------------------------------------------------------------------------
  data required time                                               113.32
  data arrival time                                                -60.79
  ------------------------------------------------------------------------------
  slack (VIOLATED)                                                 -52.54


  Startpoint: fifo_mem_reg_5__19_
               (rising edge-triggered flip-flop clocked by clk)
  Endpoint: fifo_mem_reg_5__19_
               (rising edge-triggered flip-flop clocked by clk)
  Path Group: clk
  Path Type: min

  Point                                                   Incr       Path
  ------------------------------------------------------------------------------
  clock clk (rise edge)                                   0.00       0.00
  clock network delay (ideal)                             0.00       0.00
  fifo_mem_reg_5__19_/CLK (DFFHQNx1_ASAP7_75t_R)          0.00       0.00 r
  fifo_mem_reg_5__19_/QN (DFFHQNx1_ASAP7_75t_R)          48.37      48.37 r
  U535/Y (AOI22xp33_ASAP7_75t_R)                         12.41      60.79 f
  fifo_mem_reg_5__19_/D (DFFHQNx1_ASAP7_75t_R)            0.00      60.79 f
  data arrival time                                                 60.79

  clock clk (rise edge)                                   0.00       0.00
  clock network delay (ideal)                             0.00       0.00
  fifo_mem_reg_5__19_/CLK (DFFHQNx1_ASAP7_75t_R)                     0.00 r
  clock reconvergence pessimism                           0.00       0.00
  clock uncertainty                                     100.00     100.00
  library hold time                                      13.32     113.32
  data required time                                               113.32
  ------------------------------------------------------------------------------
  data required time                                               113.32
  data arrival time                                                -60.79
  ------------------------------------------------------------------------------
  slack (VIOLATED)                                                 -52.54


  Startpoint: fifo_mem_reg_5__18_
               (rising edge-triggered flip-flop clocked by clk)
  Endpoint: fifo_mem_reg_5__18_
               (rising edge-triggered flip-flop clocked by clk)
  Path Group: clk
  Path Type: min

  Point                                                   Incr       Path
  ------------------------------------------------------------------------------
  clock clk (rise edge)                                   0.00       0.00
  clock network delay (ideal)                             0.00       0.00
  fifo_mem_reg_5__18_/CLK (DFFHQNx1_ASAP7_75t_R)          0.00       0.00 r
  fifo_mem_reg_5__18_/QN (DFFHQNx1_ASAP7_75t_R)          48.37      48.37 r
  U534/Y (AOI22xp33_ASAP7_75t_R)                         12.41      60.79 f
  fifo_mem_reg_5__18_/D (DFFHQNx1_ASAP7_75t_R)            0.00      60.79 f
  data arrival time                                                 60.79

  clock clk (rise edge)                                   0.00       0.00
  clock network delay (ideal)                             0.00       0.00
  fifo_mem_reg_5__18_/CLK (DFFHQNx1_ASAP7_75t_R)                     0.00 r
  clock reconvergence pessimism                           0.00       0.00
  clock uncertainty                                     100.00     100.00
  library hold time                                      13.32     113.32
  data required time                                               113.32
  ------------------------------------------------------------------------------
  data required time                                               113.32
  data arrival time                                                -60.79
  ------------------------------------------------------------------------------
  slack (VIOLATED)                                                 -52.54


  Startpoint: fifo_mem_reg_5__17_
               (rising edge-triggered flip-flop clocked by clk)
  Endpoint: fifo_mem_reg_5__17_
               (rising edge-triggered flip-flop clocked by clk)
  Path Group: clk
  Path Type: min

  Point                                                   Incr       Path
  ------------------------------------------------------------------------------
  clock clk (rise edge)                                   0.00       0.00
  clock network delay (ideal)                             0.00       0.00
  fifo_mem_reg_5__17_/CLK (DFFHQNx1_ASAP7_75t_R)          0.00       0.00 r
  fifo_mem_reg_5__17_/QN (DFFHQNx1_ASAP7_75t_R)          48.37      48.37 r
  U533/Y (AOI22xp33_ASAP7_75t_R)                         12.41      60.79 f
  fifo_mem_reg_5__17_/D (DFFHQNx1_ASAP7_75t_R)            0.00      60.79 f
  data arrival time                                                 60.79

  clock clk (rise edge)                                   0.00       0.00
  clock network delay (ideal)                             0.00       0.00
  fifo_mem_reg_5__17_/CLK (DFFHQNx1_ASAP7_75t_R)                     0.00 r
  clock reconvergence pessimism                           0.00       0.00
  clock uncertainty                                     100.00     100.00
  library hold time                                      13.32     113.32
  data required time                                               113.32
  ------------------------------------------------------------------------------
  data required time                                               113.32
  data arrival time                                                -60.79
  ------------------------------------------------------------------------------
  slack (VIOLATED)                                                 -52.54


  Startpoint: fifo_mem_reg_5__16_
               (rising edge-triggered flip-flop clocked by clk)
  Endpoint: fifo_mem_reg_5__16_
               (rising edge-triggered flip-flop clocked by clk)
  Path Group: clk
  Path Type: min

  Point                                                   Incr       Path
  ------------------------------------------------------------------------------
  clock clk (rise edge)                                   0.00       0.00
  clock network delay (ideal)                             0.00       0.00
  fifo_mem_reg_5__16_/CLK (DFFHQNx1_ASAP7_75t_R)          0.00       0.00 r
  fifo_mem_reg_5__16_/QN (DFFHQNx1_ASAP7_75t_R)          48.37      48.37 r
  U532/Y (AOI22xp33_ASAP7_75t_R)                         12.41      60.79 f
  fifo_mem_reg_5__16_/D (DFFHQNx1_ASAP7_75t_R)            0.00      60.79 f
  data arrival time                                                 60.79

  clock clk (rise edge)                                   0.00       0.00
  clock network delay (ideal)                             0.00       0.00
  fifo_mem_reg_5__16_/CLK (DFFHQNx1_ASAP7_75t_R)                     0.00 r
  clock reconvergence pessimism                           0.00       0.00
  clock uncertainty                                     100.00     100.00
  library hold time                                      13.32     113.32
  data required time                                               113.32
  ------------------------------------------------------------------------------
  data required time                                               113.32
  data arrival time                                                -60.79
  ------------------------------------------------------------------------------
  slack (VIOLATED)                                                 -52.54


  Startpoint: fifo_mem_reg_5__15_
               (rising edge-triggered flip-flop clocked by clk)
  Endpoint: fifo_mem_reg_5__15_
               (rising edge-triggered flip-flop clocked by clk)
  Path Group: clk
  Path Type: min

  Point                                                   Incr       Path
  ------------------------------------------------------------------------------
  clock clk (rise edge)                                   0.00       0.00
  clock network delay (ideal)                             0.00       0.00
  fifo_mem_reg_5__15_/CLK (DFFHQNx1_ASAP7_75t_R)          0.00       0.00 r
  fifo_mem_reg_5__15_/QN (DFFHQNx1_ASAP7_75t_R)          48.37      48.37 r
  U531/Y (AOI22xp33_ASAP7_75t_R)                         12.41      60.79 f
  fifo_mem_reg_5__15_/D (DFFHQNx1_ASAP7_75t_R)            0.00      60.79 f
  data arrival time                                                 60.79

  clock clk (rise edge)                                   0.00       0.00
  clock network delay (ideal)                             0.00       0.00
  fifo_mem_reg_5__15_/CLK (DFFHQNx1_ASAP7_75t_R)                     0.00 r
  clock reconvergence pessimism                           0.00       0.00
  clock uncertainty                                     100.00     100.00
  library hold time                                      13.32     113.32
  data required time                                               113.32
  ------------------------------------------------------------------------------
  data required time                                               113.32
  data arrival time                                                -60.79
  ------------------------------------------------------------------------------
  slack (VIOLATED)                                                 -52.54


  Startpoint: fifo_mem_reg_5__14_
               (rising edge-triggered flip-flop clocked by clk)
  Endpoint: fifo_mem_reg_5__14_
               (rising edge-triggered flip-flop clocked by clk)
  Path Group: clk
  Path Type: min

  Point                                                   Incr       Path
  ------------------------------------------------------------------------------
  clock clk (rise edge)                                   0.00       0.00
  clock network delay (ideal)                             0.00       0.00
  fifo_mem_reg_5__14_/CLK (DFFHQNx1_ASAP7_75t_R)          0.00       0.00 r
  fifo_mem_reg_5__14_/QN (DFFHQNx1_ASAP7_75t_R)          48.37      48.37 r
  U530/Y (AOI22xp33_ASAP7_75t_R)                         12.41      60.79 f
  fifo_mem_reg_5__14_/D (DFFHQNx1_ASAP7_75t_R)            0.00      60.79 f
  data arrival time                                                 60.79

  clock clk (rise edge)                                   0.00       0.00
  clock network delay (ideal)                             0.00       0.00
  fifo_mem_reg_5__14_/CLK (DFFHQNx1_ASAP7_75t_R)                     0.00 r
  clock reconvergence pessimism                           0.00       0.00
  clock uncertainty                                     100.00     100.00
  library hold time                                      13.32     113.32
  data required time                                               113.32
  ------------------------------------------------------------------------------
  data required time                                               113.32
  data arrival time                                                -60.79
  ------------------------------------------------------------------------------
  slack (VIOLATED)                                                 -52.54


  Startpoint: fifo_mem_reg_5__13_
               (rising edge-triggered flip-flop clocked by clk)
  Endpoint: fifo_mem_reg_5__13_
               (rising edge-triggered flip-flop clocked by clk)
  Path Group: clk
  Path Type: min

  Point                                                   Incr       Path
  ------------------------------------------------------------------------------
  clock clk (rise edge)                                   0.00       0.00
  clock network delay (ideal)                             0.00       0.00
  fifo_mem_reg_5__13_/CLK (DFFHQNx1_ASAP7_75t_R)          0.00       0.00 r
  fifo_mem_reg_5__13_/QN (DFFHQNx1_ASAP7_75t_R)          48.37      48.37 r
  U529/Y (AOI22xp33_ASAP7_75t_R)                         12.41      60.79 f
  fifo_mem_reg_5__13_/D (DFFHQNx1_ASAP7_75t_R)            0.00      60.79 f
  data arrival time                                                 60.79

  clock clk (rise edge)                                   0.00       0.00
  clock network delay (ideal)                             0.00       0.00
  fifo_mem_reg_5__13_/CLK (DFFHQNx1_ASAP7_75t_R)                     0.00 r
  clock reconvergence pessimism                           0.00       0.00
  clock uncertainty                                     100.00     100.00
  library hold time                                      13.32     113.32
  data required time                                               113.32
  ------------------------------------------------------------------------------
  data required time                                               113.32
  data arrival time                                                -60.79
  ------------------------------------------------------------------------------
  slack (VIOLATED)                                                 -52.54


  Startpoint: fifo_mem_reg_5__12_
               (rising edge-triggered flip-flop clocked by clk)
  Endpoint: fifo_mem_reg_5__12_
               (rising edge-triggered flip-flop clocked by clk)
  Path Group: clk
  Path Type: min

  Point                                                   Incr       Path
  ------------------------------------------------------------------------------
  clock clk (rise edge)                                   0.00       0.00
  clock network delay (ideal)                             0.00       0.00
  fifo_mem_reg_5__12_/CLK (DFFHQNx1_ASAP7_75t_R)          0.00       0.00 r
  fifo_mem_reg_5__12_/QN (DFFHQNx1_ASAP7_75t_R)          48.37      48.37 r
  U528/Y (AOI22xp33_ASAP7_75t_R)                         12.41      60.79 f
  fifo_mem_reg_5__12_/D (DFFHQNx1_ASAP7_75t_R)            0.00      60.79 f
  data arrival time                                                 60.79

  clock clk (rise edge)                                   0.00       0.00
  clock network delay (ideal)                             0.00       0.00
  fifo_mem_reg_5__12_/CLK (DFFHQNx1_ASAP7_75t_R)                     0.00 r
  clock reconvergence pessimism                           0.00       0.00
  clock uncertainty                                     100.00     100.00
  library hold time                                      13.32     113.32
  data required time                                               113.32
  ------------------------------------------------------------------------------
  data required time                                               113.32
  data arrival time                                                -60.79
  ------------------------------------------------------------------------------
  slack (VIOLATED)                                                 -52.54

Warning: report_timing has satisfied the max_paths criteria. There are 206 further endpoints which have paths of interest with slack less than     0.00 that were not considered when generating this report. (UITE-502)

1
